2026-07-20 12:04:13,310 [INFO] ═══ SahamID Pro ═══
2026-07-20 12:05:28,374 [INFO] IHSG: 6237.0 (bear) Bunga: 5.75% Inflasi: 2.5%
2026-07-20 12:05:28,374 [INFO] ┌─────────────────────────────────────────────────────────────┐
2026-07-20 12:05:28,374 [INFO] │ 📈 SAHAMID PRO — Analisa Saham Indonesia                   │
2026-07-20 12:05:28,374 [INFO] ├─────────────────────────────────────────────────────────────┤
2026-07-20 12:05:28,375 [INFO] │ IHSG: 6237.0 (BEAR) | Bunga: 5.75% | Inflasi: 2.5% | USD: 15500
2026-07-20 12:05:28,375 [INFO] │ Support: 5607.0 | Resistance: 6250.0
2026-07-20 12:05:28,375 [INFO] ├─────────────────────────────────────────────────────────────┤
2026-07-20 12:05:28,375 [INFO] │ 🟢 BUY: 1  |  🟡 HOLD: 17  |  🔴 SELL: 19  |  Total: 37
2026-07-20 12:05:28,375 [INFO] ├───────────────────── TOP PICKS ─────────────────────────────┤
2026-07-20 12:05:28,375 [INFO] │ 1. UNVR 1,760.0 | BUY | Trend following
2026-07-20 12:05:28,375 [INFO] │    SMC: BOS=BOS BEAR (LL) OB=🟢1655.0-1690.0 RSI=43.3
2026-07-20 12:05:28,375 [INFO] │    Entry: retest OB area | SL: below OB | TP: next liq
2026-07-20 12:05:29,993 [INFO] ├─────────────────── KEBIJAKAN ──────────────────────────────┤
2026-07-20 12:05:29,994 [INFO] │ 🟢 IKN Development: Pembangunan IKN lanjut — sektor properti untung
2026-07-20 12:05:29,994 [INFO] │ 🟢 Hilirisasi Nikel & Mineral: Larangan ekspor mentah → hilirisasi naikkan value
2026-07-20 12:05:29,994 [INFO] │ 🟡 BI Rate Decision: BI rate 5.75% — masih wait-and-see
2026-07-20 12:05:29,994 [INFO] └─────────────────── DETAIL: UNVR ───────────────────────┘
2026-07-20 12:06:51,113 [INFO]   ═══ UNVR (Unilever Indonesia) ═══
2026-07-20 12:06:51,113 [INFO]   Sektor: konsumen | Mcap: besar
2026-07-20 12:06:51,113 [INFO]   📊 TEKNIKAL (SMC):
2026-07-20 12:06:51,113 [INFO]   Trend: bull
2026-07-20 12:06:51,113 [INFO]   BOS: BOS BEAR (LL)
2026-07-20 12:06:51,114 [INFO]   Order Block: OB Bull 1655.0-1690.0
2026-07-20 12:06:51,114 [INFO]   FVG:
2026-07-20 12:06:51,114 [INFO]   Likuiditas di atas: 85.0
2026-07-20 12:06:51,114 [INFO]   Likuiditas di bawah: 358.0
2026-07-20 12:06:51,114 [INFO]   📈 FUNDAMENTAL:
2026-07-20 12:06:51,114 [INFO]   PER: 18.131245 | PBV: 10.190198
2026-07-20 12:06:51,114 [INFO]   ROE: 0.74291 | Margin: 0.26555002
2026-07-20 12:06:51,114 [INFO]   Dividen: 13.41 | Debt/Equity: 9.027
2026-07-20 12:06:51,114 [INFO]   🏛️ KEBIJAKAN:
2026-07-20 12:06:51,114 [INFO]   IHK: Tidak ada dampak langsung
2026-07-20 12:06:51,115 [INFO]   📋 REKOMENDASI:
2026-07-20 12:06:51,115 [INFO]   Berdasarkan SMC + fundamental, saham ini LAYAK DIPANTAU
